Copyright 1986-2018 Xilinx, Inc. All Rights Reserved.
--------------------------------------------------------------------------------------------------
| Tool Version : Vivado v.2018.3 (win64) Build 2405991 Thu Dec  6 23:38:27 MST 2018
| Date         : Sun Jun  5 15:19:54 2022
| Host         : Chiro running 64-bit major release  (build 9200)
| Command      : report_control_sets -verbose -file design_sender_wrapper_control_sets_placed.rpt
| Design       : design_sender_wrapper
| Device       : xc7z020
--------------------------------------------------------------------------------------------------

Control Set Information

Table of Contents
-----------------
1. Summary
2. Histogram
3. Flip-Flop Distribution
4. Detailed Control Set Information

1. Summary
----------

+----------------------------------------------------------+-------+
|                          Status                          | Count |
+----------------------------------------------------------+-------+
| Number of unique control sets                            |     8 |
| Unused register locations in slices containing registers |    22 |
+----------------------------------------------------------+-------+


2. Histogram
------------

+--------+--------------+
| Fanout | Control Sets |
+--------+--------------+
|      3 |            1 |
|      5 |            1 |
|      7 |            1 |
|      8 |            3 |
|      9 |            1 |
|     10 |            1 |
+--------+--------------+


3. Flip-Flop Distribution
-------------------------

+--------------+-----------------------+------------------------+-----------------+--------------+
| Clock Enable | Synchronous Set/Reset | Asynchronous Set/Reset | Total Registers | Total Slices |
+--------------+-----------------------+------------------------+-----------------+--------------+
| No           | No                    | No                     |               8 |            4 |
| No           | No                    | Yes                    |               0 |            0 |
| No           | Yes                   | No                     |              15 |            4 |
| Yes          | No                    | No                     |               0 |            0 |
| Yes          | No                    | Yes                    |               0 |            0 |
| Yes          | Yes                   | No                     |              35 |           12 |
+--------------+-----------------------+------------------------+-----------------+--------------+


4. Detailed Control Set Information
-----------------------------------

+-----------------------------------------------------------------+-----------------------------------------------------------------------+-----------------------------------------------------------------+------------------+----------------+
|                           Clock Signal                          |                             Enable Signal                             |                         Set/Reset Signal                        | Slice Load Count | Bel Load Count |
+-----------------------------------------------------------------+-----------------------------------------------------------------------+-----------------------------------------------------------------+------------------+----------------+
|  design_sender_i/SenderWrapper_0/inst/sender/adcRead/cnt_reg[6] |                                                                       |                                                                 |                1 |              3 |
|  design_sender_i/clk_wiz_0/inst/clk_out1                        |                                                                       |                                                                 |                3 |              5 |
|  design_sender_i/clk_wiz_0/inst/clk_out1                        |                                                                       | design_sender_i/SenderWrapper_0/inst/sender/cnt[6]_i_1_n_0      |                1 |              7 |
|  design_sender_i/SenderWrapper_0/inst/sender/adcRead/cnt_reg[6] | design_sender_i/SenderWrapper_0/inst/sender/adcRead/data_0            | design_sender_i/SenderWrapper_0/inst/sender/slowerReset         |                2 |              8 |
|  design_sender_i/clk_wiz_0/inst/clk_out1                        |                                                                       | design_sender_i/SenderWrapper_0/inst/sender/duc/cnt[7]_i_1_n_0  |                3 |              8 |
|  design_sender_i/clk_wiz_0/inst/clk_out1                        | design_sender_i/SenderWrapper_0/inst/sender/duc/duc_calibrationEnable | design_sender_i/SenderWrapper_0/inst/sender/duc/cnt2[7]_i_1_n_0 |                3 |              8 |
|  design_sender_i/clk_wiz_0/inst/clk_out1                        | design_sender_i/SenderWrapper_0/inst/sender/jumpFirstByte0            | design_sender_i/SenderWrapper_0/inst/sender/started             |                3 |              9 |
|  design_sender_i/clk_wiz_0/inst/clk_out1                        | design_sender_i/SenderWrapper_0/inst/sender/exiting                   | design_sender_i/SenderWrapper_0/inst/sender/sender_reset        |                4 |             10 |
+-----------------------------------------------------------------+-----------------------------------------------------------------------+-----------------------------------------------------------------+------------------+----------------+


